
> mi-talento-ia@0.1.0 build
> next build

node.exe : ÔÜá Warning: Next.js 
inferred your workspace root, but 
it may not be correct.
En línea: 1 Carácter: 1
+ & "C:\Program 
Files\nodejs/node.exe" "C:\Program 
Files\nodejs/node_mo ...
+ ~~~~~~~~~~~~~~~~~~~~~~~~~~~~~~~~~~
~~~~~~~~~~~~~~~~~~~~~~~~~~~~~~~~~~~
    + CategoryInfo          : NotSp 
   ecified: (ÔÜá Warning: Ne...not  
   be correct.:String) [], Remote   
 Exception
    + FullyQualifiedErrorId : Nativ 
   eCommandError
 
 We detected multiple lockfiles and 
selected the directory of 
C:\Users\cesar\package-lock.json as 
the root directory.
 To silence this warning, set 
`turbopack.root` in your Next.js 
config, or consider removing one of 
the lockfiles if it's not needed.
   See https://nextjs.org/docs/app/a
pi-reference/config/next-config-js/t
urbopack#root-directory for more 
information.
 Detected additional lockfiles: 
   * C:\Users\cesar\mitalento-ia\pac
kage-lock.json

Ôû▓ Next.js 16.1.6 (Turbopack)
- Environments: .env.local

  Creating an optimized production build ...
Ô£ô Compiled successfully in 14.2s
  Running TypeScript ...
  Collecting page data using 11 workers ...
Firebase Admin Initialization 
Error: Error: Service account 
object must contain a string 
"private_key" property.
    at module evaluation (C:\Users\c
esar\mitalento-ia\.next\server\chunk
s\[root-of-the-server]__e78951a6._.j
s:1:1328)
    at instantiateModule (C:\Users\c
esar\mitalento-ia\.next\server\chunk
s\[turbopack]_runtime.js:740:9)
    at instantiateRuntimeModule (C:\
Users\cesar\mitalento-ia\.next\serve
r\chunks\[turbopack]_runtime.js:768:
12)
    at 
getOrInstantiateRuntimeModule (C:\Us
ers\cesar\mitalento-ia\.next\server\
chunks\[turbopack]_runtime.js:781:12
)
    at Object.m (C:\Users\cesar\mita
lento-ia\.next\server\chunks\[turbop
ack]_runtime.js:790:18)
    at Object.<anonymous> (C:\Users\
cesar\mitalento-ia\.next\server\app\
api\admin\users\[id]\route.js:5:3) {
  errorInfo: [Object],
  codePrefix: 'app'
}
Error: The default Firebase app 
does not exist. Make sure you call 
initializeApp() before using any of 
the Firebase services.
    at module evaluation (C:\Users\c
esar\mitalento-ia\.next\server\chunk
s\[root-of-the-server]__e78951a6._.j
s:1:1587)
    at instantiateModule (C:\Users\c
esar\mitalento-ia\.next\server\chunk
s\[turbopack]_runtime.js:740:9)
    at instantiateRuntimeModule (C:\
Users\cesar\mitalento-ia\.next\serve
r\chunks\[turbopack]_runtime.js:768:
12)
    at 
getOrInstantiateRuntimeModule (C:\Us
ers\cesar\mitalento-ia\.next\server\
chunks\[turbopack]_runtime.js:781:12
)
    at Object.m (C:\Users\cesar\mita
lento-ia\.next\server\chunks\[turbop
ack]_runtime.js:790:18) {
  errorInfo: [Object],
  codePrefix: 'app'
}

> Build error occurred
Error: Failed to collect page data 
for /api/admin/users/[id]
    at ignore-listed frames {
  type: 'Error'
}
